C:\Users\denci\Desktop\FIN\Master\Distribuirani\PDS-FT1\src\main\java\rs\raf\pds\faulttolerance\core\FollowerGRPCChannel.java
C:\Users\denci\Desktop\FIN\Master\Distribuirani\PDS-FT1\src\main\java\rs\raf\pds\faulttolerance\core\ReplicaNode.java
C:\Users\denci\Desktop\FIN\Master\Distribuirani\PDS-FT1\src\main\java\rs\raf\pds\faulttolerance\core\ReplicatedLog.java
C:\Users\denci\Desktop\FIN\Master\Distribuirani\PDS-FT1\src\main\java\rs\raf\pds\faulttolerance\core\SyncPrimitive.java
C:\Users\denci\Desktop\FIN\Master\Distribuirani\PDS-FT1\src\main\java\rs\raf\pds\faulttolerance\gRPC\AccountRequest.java
C:\Users\denci\Desktop\FIN\Master\Distribuirani\PDS-FT1\src\main\java\rs\raf\pds\faulttolerance\gRPC\AccountRequestOrBuilder.java
C:\Users\denci\Desktop\FIN\Master\Distribuirani\PDS-FT1\src\main\java\rs\raf\pds\faulttolerance\gRPC\AccountRequestType.java
C:\Users\denci\Desktop\FIN\Master\Distribuirani\PDS-FT1\src\main\java\rs\raf\pds\faulttolerance\gRPC\AccountResponse.java
C:\Users\denci\Desktop\FIN\Master\Distribuirani\PDS-FT1\src\main\java\rs\raf\pds\faulttolerance\gRPC\AccountResponseOrBuilder.java
C:\Users\denci\Desktop\FIN\Master\Distribuirani\PDS-FT1\src\main\java\rs\raf\pds\faulttolerance\gRPC\AccountServiceGrpc.java
C:\Users\denci\Desktop\FIN\Master\Distribuirani\PDS-FT1\src\main\java\rs\raf\pds\faulttolerance\gRPC\AccountServiceOuterClass.java
C:\Users\denci\Desktop\FIN\Master\Distribuirani\PDS-FT1\src\main\java\rs\raf\pds\faulttolerance\gRPC\LeaderInfo.java
C:\Users\denci\Desktop\FIN\Master\Distribuirani\PDS-FT1\src\main\java\rs\raf\pds\faulttolerance\gRPC\LeaderInfoOrBuilder.java
C:\Users\denci\Desktop\FIN\Master\Distribuirani\PDS-FT1\src\main\java\rs\raf\pds\faulttolerance\gRPC\LeaderRequest.java
C:\Users\denci\Desktop\FIN\Master\Distribuirani\PDS-FT1\src\main\java\rs\raf\pds\faulttolerance\gRPC\LeaderRequestOrBuilder.java
C:\Users\denci\Desktop\FIN\Master\Distribuirani\PDS-FT1\src\main\java\rs\raf\pds\faulttolerance\gRPC\LogEntry.java
C:\Users\denci\Desktop\FIN\Master\Distribuirani\PDS-FT1\src\main\java\rs\raf\pds\faulttolerance\gRPC\LogEntryOrBuilder.java
C:\Users\denci\Desktop\FIN\Master\Distribuirani\PDS-FT1\src\main\java\rs\raf\pds\faulttolerance\gRPC\LogResponse.java
C:\Users\denci\Desktop\FIN\Master\Distribuirani\PDS-FT1\src\main\java\rs\raf\pds\faulttolerance\gRPC\LogResponseOrBuilder.java
C:\Users\denci\Desktop\FIN\Master\Distribuirani\PDS-FT1\src\main\java\rs\raf\pds\faulttolerance\gRPC\LogStatus.java
C:\Users\denci\Desktop\FIN\Master\Distribuirani\PDS-FT1\src\main\java\rs\raf\pds\faulttolerance\gRPC\ReplicatedLog.java
C:\Users\denci\Desktop\FIN\Master\Distribuirani\PDS-FT1\src\main\java\rs\raf\pds\faulttolerance\gRPC\ReplicatedLogServiceGrpc.java
C:\Users\denci\Desktop\FIN\Master\Distribuirani\PDS-FT1\src\main\java\rs\raf\pds\faulttolerance\gRPC\RequestStatus.java
C:\Users\denci\Desktop\FIN\Master\Distribuirani\PDS-FT1\src\main\java\rs\raf\pds\faulttolerance\z1\AccountAppServer.java
C:\Users\denci\Desktop\FIN\Master\Distribuirani\PDS-FT1\src\main\java\rs\raf\pds\faulttolerance\z1\AccountServiceGRPCServer.java
C:\Users\denci\Desktop\FIN\Master\Distribuirani\PDS-FT1\src\main\java\rs\raf\pds\faulttolerance\z1\AccountServiceImpl.java
C:\Users\denci\Desktop\FIN\Master\Distribuirani\PDS-FT1\src\main\java\rs\raf\pds\faulttolerance\z1\AppClient.java
C:\Users\denci\Desktop\FIN\Master\Distribuirani\PDS-FT1\src\main\java\rs\raf\pds\faulttolerance\z1\commands\AddValueCommand.java
C:\Users\denci\Desktop\FIN\Master\Distribuirani\PDS-FT1\src\main\java\rs\raf\pds\faulttolerance\z1\commands\Command.java
C:\Users\denci\Desktop\FIN\Master\Distribuirani\PDS-FT1\src\main\java\rs\raf\pds\faulttolerance\z1\commands\GetCommand.java
C:\Users\denci\Desktop\FIN\Master\Distribuirani\PDS-FT1\src\main\java\rs\raf\pds\faulttolerance\z1\commands\SubValueCommand.java
